// Jest Snapshot v1, https://goo.gl/fbAQLP

exports[`should render without crashing 1`] = `
<DocumentFragment>
  <div
    class="App"
  >
    <header>
      <h1>
        Casa Nova App
      </h1>
    </header>
    <main />
  </div>
</DocumentFragment>
`;
